c:\th06\th06_ps3\ps3_release\th06_ps3.elf
c:\th06\th06_ps3\th06_ps3\ps3_release\chain.o
c:\th06\th06_ps3\th06_ps3\ps3_release\controller.o
c:\th06\th06_ps3\th06_ps3\ps3_release\filesystem.o
c:\th06\th06_ps3\th06_ps3\ps3_release\gameerrorcontext.o
c:\th06\th06_ps3\th06_ps3\ps3_release\gamepaths.o
c:\th06\th06_ps3\th06_ps3\ps3_release\glfunc.o
c:\th06\th06_ps3\th06_ps3\ps3_release\midioutput.o
c:\th06\th06_ps3\th06_ps3\ps3_release\midialsa.o
c:\th06\th06_ps3\th06_ps3\ps3_release\midips3.o
c:\th06\th06_ps3\th06_ps3\ps3_release\midiwin32.o
c:\th06\th06_ps3\th06_ps3\ps3_release\fileabstraction.o
c:\th06\th06_ps3\th06_ps3\ps3_release\ipbg3parser.o
c:\th06\th06_ps3\th06_ps3\ps3_release\pbg3archive.o
c:\th06\th06_ps3\th06_ps3\ps3_release\pbg3parser.o
c:\th06\th06_ps3\th06_ps3\ps3_release\replaymanager.o
c:\th06\th06_ps3\th06_ps3\ps3_release\rng.o
c:\th06\th06_ps3\th06_ps3\ps3_release\soundplayer.o
c:\th06\th06_ps3\th06_ps3\ps3_release\sjis_converter.o
c:\th06\th06_ps3\th06_ps3\ps3_release\utils.o
c:\th06\th06_ps3\th06_ps3\ps3_release\zunmath.o
c:\th06\th06_ps3\th06_ps3\ps3_release\zunmemory.o
c:\th06\th06_ps3\th06_ps3\ps3_release\zuntimer.o
c:\th06\th06_ps3\th06_ps3\ps3_release\fixedfunctiongl.o
c:\th06\th06_ps3\th06_ps3\ps3_release\asciimanager.o
c:\th06\th06_ps3\th06_ps3\ps3_release\bombdata.o
c:\th06\th06_ps3\th06_ps3\ps3_release\bulletdata.o
c:\th06\th06_ps3\th06_ps3\ps3_release\eclmanager.o
c:\th06\th06_ps3\th06_ps3\ps3_release\effectmanager.o
c:\th06\th06_ps3\th06_ps3\ps3_release\ending.o
c:\th06\th06_ps3\th06_ps3\ps3_release\enemyeclinstr.o
c:\th06\th06_ps3\th06_ps3\ps3_release\enemymanager.o
c:\th06\th06_ps3\th06_ps3\ps3_release\gamemanager.o
c:\th06\th06_ps3\th06_ps3\ps3_release\gamewindow.o
c:\th06\th06_ps3\th06_ps3\ps3_release\gui.o
c:\th06\th06_ps3\th06_ps3\ps3_release\itemmanager.o
c:\th06\th06_ps3\th06_ps3\ps3_release\mainmenu.o
c:\th06\th06_ps3\th06_ps3\ps3_release\musicroom.o
c:\th06\th06_ps3\th06_ps3\ps3_release\player.o
c:\th06\th06_ps3\th06_ps3\ps3_release\resultscreen.o
c:\th06\th06_ps3\th06_ps3\ps3_release\screeneffect.o
c:\th06\th06_ps3\th06_ps3\ps3_release\stage.o
c:\th06\th06_ps3\th06_ps3\ps3_release\supervisor.o
c:\th06\th06_ps3\th06_ps3\ps3_release\texthelper.o
c:\th06\th06_ps3\th06_ps3\ps3_release\main.o
c:\th06\th06_ps3\th06_ps3\ps3_release\anmmanager.o
c:\th06\th06_ps3\th06_ps3\ps3_release\bulletmanager.o
c:\th06\th06_ps3\th06_ps3\ps3_release\th06_ps3.tlog\ps3ppuld64.command.1.tlog
c:\th06\th06_ps3\th06_ps3\ps3_release\th06_ps3.tlog\ps3ppuld64.read.1.tlog
c:\th06\th06_ps3\th06_ps3\ps3_release\th06_ps3.tlog\ps3ppuld64.write.1.tlog
c:\th06\th06_ps3\th06_ps3\ps3_release\th06_ps3.tlog\ps3ppusnc.command.1.tlog
c:\th06\th06_ps3\th06_ps3\ps3_release\th06_ps3.tlog\ps3ppusnc.read.1.tlog
c:\th06\th06_ps3\th06_ps3\ps3_release\th06_ps3.tlog\ps3ppusnc.write.1.tlog
